btrfsmaintenance-refresh.path              disabled
btrfs-balance.service                      static
btrfs-defrag.service                       static
btrfs-scrub.service                        static
btrfs-trim.service                         static
btrfsmaintenance-refresh.service           static
btrfs-balance.timer                        enabled
btrfs-defrag.timer                         enabled
btrfs-scrub.timer                          enabled
btrfs-trim.timer                           enabled
btrfs-balance.timer btrfs-balance.service
btrfs-defrag.timer btrfs-defrag.service
btrfs-scrub.timer btrfs-scrub.service
btrfs-trim.timer btrfs-trim.service
btrfsmaintenance-refresh.path              disabled
btrfs-balance.service                      static
btrfs-defrag.service                       static
btrfs-scrub.service                        static
btrfs-trim.service                         static
btrfsmaintenance-refresh.service           static
btrfs-balance.timer                        disabled
btrfs-defrag.timer                         disabled
btrfs-scrub.timer                          disabled
btrfs-trim.timer                           disabled
